The `` add_integer module ``
====================================

Using `` add_integer ``
---------------------

This is an example text file.
First import ``add_integer`` from the `` add_integer `` module.
    >>> add_integer = __import__("0-add_integer").add_integer

Now use it:

Test - a and b are integers
>>> add_integer(1,2)
3

Test - a is a float
>>> add_integer(1.2, 3)
4

Test - b is a float
>>> add_integer(3, 1.2)
4

Test - a and b are floats
>>> add_integer(1.2, 1.3)
2

Test - a is a string
>>> add_integer("hello", 3)
TypeError: a must be an integer

Test - b is a string
>>> add_integer(3, "hello")
TypeError: b must be an integer